[demoxml.com/html/petcare/index04b9.html]
[backblue.gif]
[fade.gif]
[index.html]
[demoxml.com/html/petcare/images/favicon.ico]
[demoxml.com/html/petcare/images/apple-touch-icon-114x114-precomposed.png]
[demoxml.com/html/petcare/images/apple-touch-icon-72x72-precomposed.png]
[demoxml.com/html/petcare/images/apple-touch-icon-57x57-precomposed.png]
[demoxml.com/html/petcare/libraries/loader/loaders.min.css]
[demoxml.com/html/petcare/libraries/bootstrap/bootstrap.min.css]
[demoxml.com/html/petcare/libraries/fonts/font-awesome.min.css]
[demoxml.com/html/petcare/libraries/owl-carousel/owl.carousel.css]
[demoxml.com/html/petcare/libraries/owl-carousel/owl.theme.css]
[demoxml.com/html/petcare/libraries/animate/animate.min.css]
[demoxml.com/html/petcare/libraries/price-filter/jquery-ui.min.css]
[demoxml.com/html/petcare/css/plugins.css]
[demoxml.com/html/petcare/css/navigation-menu.css]
[demoxml.com/html/petcare/style.css]
[demoxml.com/html/petcare/css/shortcodes.css]
[demoxml.com/html/petcare/images/icon/tw-ic.png]
[demoxml.com/html/petcare/images/icon/fb-ic.png]
[demoxml.com/html/petcare/images/icon/g+-ic.png]
[demoxml.com/html/petcare/images/icon/dribbble-ic.png]
[demoxml.com/html/petcare/images/icon/in-ic.png]
[demoxml.com/html/petcare/images/logo.png]
[demoxml.com/html/petcare/images/icon/location-ic.png]
[demoxml.com/html/petcare/images/icon/time-ic.png]
[demoxml.com/html/petcare/images/icon/phone-ic.png]
[demoxml.com/html/petcare/images/icon/cart-ic.png]
[demoxml.com/html/petcare/index.html]
[demoxml.com/html/petcare/about.html]
[demoxml.com/html/petcare/services.html]
[demoxml.com/html/petcare/shop.html]
[demoxml.com/html/petcare/shop-pets.html]
[demoxml.com/html/petcare/shop-details.html]
[demoxml.com/html/petcare/checkout.html]
[demoxml.com/html/petcare/shop-cart.html]
[demoxml.com/html/petcare/error.html]
[demoxml.com/html/petcare/blog.html]
[demoxml.com/html/petcare/single-blog.html]
[demoxml.com/html/petcare/contact-us.html]
[demoxml.com/html/petcare/images/slider-image/slider-1.jpg]
[demoxml.com/html/petcare/images/slider-image/slider-2.jpg]
[demoxml.com/html/petcare/images/slider-image/slider-3.jpg]
[demoxml.com/html/petcare/images/intro/intro-1.jpg]
[demoxml.com/html/petcare/images/icon/intro-icon-1.png]
[demoxml.com/html/petcare/images/intro/intro-2.jpg]
[demoxml.com/html/petcare/images/icon/intro-icon-2.png]
[demoxml.com/html/petcare/images/intro/intro-3.jpg]
[demoxml.com/html/petcare/images/icon/intro-icon-3.png]
[demoxml.com/html/petcare/images/icon/care.png]
[demoxml.com/html/petcare/images/icon/camp.png]
[demoxml.com/html/petcare/images/icon/nutrition.png]
[demoxml.com/html/petcare/images/icon/insurance.png]
[demoxml.com/html/petcare/images/services/services.jpg]
[demoxml.com/html/petcare/images/why-choose/why-choose-1.jpg]
[demoxml.com/html/petcare/images/icon/medal.png]
[demoxml.com/html/petcare/images/icon/customer-support.png]
[demoxml.com/html/petcare/images/icon/home.png]
[demoxml.com/html/petcare/images/icon/dogfeek.png]
[demoxml.com/html/petcare/images/icon/quotes.png]
[demoxml.com/html/petcare/images/testimonial/avatar-1.jpg]
[demoxml.com/html/petcare/images/testimonial/avatar-2.jpg]
[demoxml.com/html/petcare/images/testimonial/avatar-3.jpg]
[demoxml.com/html/petcare/images/testimonial/avatar-4.jpg]
[demoxml.com/html/petcare/images/team/team-member-1.jpg]
[demoxml.com/html/petcare/images/team/team-member-2.jpg]
[demoxml.com/html/petcare/images/team/team-member-3.jpg]
[demoxml.com/html/petcare/images/team/team-member-4.jpg]
[demoxml.com/html/petcare/images/counter/counter-1.png]
[demoxml.com/html/petcare/images/counter/counter-2.png]
[demoxml.com/html/petcare/images/counter/counter-3.png]
[demoxml.com/html/petcare/images/counter/counter-4.png]
[demoxml.com/html/petcare/images/shop/shop-1.jpg]
[demoxml.com/html/petcare/images/icon/addtocart.png]
[demoxml.com/html/petcare/images/icon/like-icon.png]
[demoxml.com/html/petcare/images/icon/wishlist.png]
[demoxml.com/html/petcare/images/shop/shop-2.jpg]
[demoxml.com/html/petcare/images/shop/shop-3.jpg]
[demoxml.com/html/petcare/images/shop/shop-4.jpg]
[demoxml.com/html/petcare/images/blog/home-blog-1.jpg]
[demoxml.com/html/petcare/images/icon/comment.png]
[demoxml.com/html/petcare/images/icon/blog-like.png]
[demoxml.com/html/petcare/images/icon/share.png]
[demoxml.com/html/petcare/images/icon/admin-ic.png]
[demoxml.com/html/petcare/images/icon/tags.png]
[demoxml.com/html/petcare/images/blog/home-blog-2.jpg]
[demoxml.com/html/petcare/images/blog/home-blog-3.jpg]
[demoxml.com/html/petcare/images/icon/ftr-location.png]
[demoxml.com/html/petcare/images/icon/ftr-customer.png]
[demoxml.com/html/petcare/images/icon/ftr-email.png]
[demoxml.com/html/petcare/images/icon/ftr-fb.png]
[demoxml.com/html/petcare/images/icon/ftr-g+.png]
[demoxml.com/html/petcare/images/icon/ftr-tumbler.png]
[demoxml.com/html/petcare/images/icon/ftr-dribbble.png]
[demoxml.com/html/petcare/images/icon/ftr-ln.png]
[demoxml.com/html/petcare/images/icon/ftr-tw.png]
[demoxml.com/html/petcare/libraries/modernizr/modernizr.js]
[demoxml.com/html/petcare/libraries/bootstrap/bootstrap.min.js]
[demoxml.com/html/petcare/js/jquery.easing.min.js]
[demoxml.com/html/petcare/js/jquery.min.js]
[demoxml.com/html/petcare/libraries/appear/jquery.appear.js]
[demoxml.com/html/petcare/libraries/number/jquery.animateNumber.min.js]
[demoxml.com/html/petcare/libraries/owl-carousel/owl.carousel.min.js]
[demoxml.com/html/petcare/js/functions.js]
[demoxml.com/html/petcare/index04b9.html]
[demoxml.com/html/petcare/libraries/loader/loaders.min.css]
[demoxml.com/html/petcare/libraries/fonts/glyphicons-halflings-regular.eot]
[demoxml.com/html/petcare/libraries/fonts/glyphicons-halflings-regulard41d.eot]
[demoxml.com/html/petcare/libraries/price-filter/jquery-ui.min.js]
[demoxml.com/html/petcare/libraries/fonts/glyphicons-halflings-regular.woff2]
[demoxml.com/html/petcare/libraries/fonts/glyphicons-halflings-regular.woff]
[demoxml.com/html/petcare/libraries/fonts/glyphicons-halflings-regular.ttf]
[demoxml.com/html/petcare/libraries/bootstrap/bootstrap.min.css]
[demoxml.com/html/petcare/libraries/fonts/glyphicons-halflings-regular.svg]
[demoxml.com/html/petcare/libraries/fonts/fontawesome-webfont93e3.eot]
[demoxml.com/html/petcare/libraries/fonts/fontawesome-webfontd41d.eot]
[demoxml.com/html/petcare/libraries/fonts/fontawesome-webfont93e3.woff2]
[demoxml.com/html/petcare/libraries/fonts/fontawesome-webfont93e3.woff]
[demoxml.com/html/petcare/libraries/fonts/fontawesome-webfont93e3.ttf]
[demoxml.com/html/petcare/libraries/fonts/font-awesome.min.css]
[demoxml.com/html/petcare/libraries/fonts/fontawesome-webfont93e3.svg]
[demoxml.com/html/petcare/libraries/owl-carousel/owl.video.play.png]
[demoxml.com/html/petcare/libraries/owl-carousel/owl.carousel.css]
[demoxml.com/html/petcare/libraries/owl-carousel/owl.theme.css]
[demoxml.com/html/petcare/libraries/animate/animate.min.css]
[demoxml.com/html/petcare/libraries/price-filter/images/ui-bg_glass_100_fdf5ce_1x400.png]
[demoxml.com/html/petcare/libraries/price-filter/images/ui-bg_glass_65_ffffff_1x400.png]
[demoxml.com/html/petcare/libraries/price-filter/images/ui-bg_highlight-soft_75_ffe45c_1x100.png]
[demoxml.com/html/petcare/libraries/price-filter/images/ui-bg_diagonals-thick_18_b81900_40x40.png]
[demoxml.com/html/petcare/libraries/price-filter/images/ui-icons_222222_256x240.png]
[demoxml.com/html/petcare/libraries/price-filter/images/ui-icons_ffffff_256x240.png]
[demoxml.com/html/petcare/libraries/price-filter/images/ui-icons_ef8c08_256x240.png]
[demoxml.com/html/petcare/libraries/price-filter/images/ui-icons_228ef1_256x240.png]
[demoxml.com/html/petcare/libraries/price-filter/images/ui-icons_ffd27a_256x240.png]
[demoxml.com/html/petcare/libraries/price-filter/images/ui-bg_diagonals-thick_20_666666_40x40.png]
[demoxml.com/html/petcare/libraries/price-filter/images/ui-bg_flat_10_000000_40x100.png]
[demoxml.com/html/petcare/libraries/price-filter/jquery-ui.min.css]
[demoxml.com/html/petcare/css/plugins.css]
[demoxml.com/html/petcare/css/navigation-menu.css]
[demoxml.com/html/petcare/fonts/montserrat-light.eot]
[demoxml.com/html/petcare/fonts/montserrat-lightd41d.eot]
[demoxml.com/html/petcare/fonts/montserrat-light.woff2]
[demoxml.com/html/petcare/fonts/montserrat-light.woff]
[demoxml.com/html/petcare/fonts/montserrat-light.ttf]
[demoxml.com/html/petcare/fonts/montserrat-semibold.eot]
[demoxml.com/html/petcare/fonts/montserrat-light.svg]
[demoxml.com/html/petcare/fonts/montserrat-semiboldd41d.eot]
[demoxml.com/html/petcare/fonts/montserrat-semibold.woff2]
[demoxml.com/html/petcare/fonts/montserrat-semibold.woff]
[demoxml.com/html/petcare/fonts/montserrat-semibold.ttf]
[demoxml.com/html/petcare/images/icon/separator.jpg]
[demoxml.com/html/petcare/fonts/montserrat-semibold.svg]
[demoxml.com/html/petcare/images/blog/banner-1.jpg]
[demoxml.com/html/petcare/style.css]
[demoxml.com/html/petcare/images/intro/intro.jpg]
[demoxml.com/html/petcare/images/appointment/appointment.jpg]
[demoxml.com/html/petcare/images/icon/separator-1.png]
[demoxml.com/html/petcare/images/icon/separator-2.png]
[demoxml.com/html/petcare/images/callout/callout.jpg]
[demoxml.com/html/petcare/images/testimonial/testimonial.jpg]
[demoxml.com/html/petcare/images/icon/separator-3.png]
[demoxml.com/html/petcare/images/counter/counter.jpg]
[demoxml.com/html/petcare/images/offer/offer.jpg]
[demoxml.com/html/petcare/images/offer/offer-1.jpg]
[demoxml.com/html/petcare/images/blog/section-seprator.png]
[demoxml.com/html/petcare/images/widget/bullet.png]
[demoxml.com/html/petcare/images/pricing/price.jpg]
[demoxml.com/html/petcare/images/icon/seprator-1.png]
[demoxml.com/html/petcare/css/shortcodes.css]
[demoxml.com/html/petcare/index.html]
[demoxml.com/html/petcare/images/whatwedo/dog.jpg]
[demoxml.com/html/petcare/images/whatwedo/cat.jpg]
[demoxml.com/html/petcare/images/whatwedo/nutrition.jpg]
[demoxml.com/html/petcare/images/whatwedo/medical.jpg]
[demoxml.com/html/petcare/images/whatwedo/bucket.jpg]
[demoxml.com/html/petcare/images/whatwedo/bag.jpg]
[demoxml.com/html/petcare/images/brands/brand-1.jpg]
[demoxml.com/html/petcare/images/brands/brand-2.jpg]
[demoxml.com/html/petcare/images/brands/brand-3.jpg]
[demoxml.com/html/petcare/images/brands/brand-4.jpg]
[demoxml.com/html/petcare/images/brands/brand-5.jpg]
[demoxml.com/html/petcare/images/brands/brand-6.jpg]
[demoxml.com/html/petcare/about.html]
[demoxml.com/html/petcare/images/services/services-1.png]
[demoxml.com/html/petcare/services.html]
[demoxml.com/html/petcare/images/shop/seller-1.jpg]
[demoxml.com/html/petcare/images/shop/seller-2.jpg]
[demoxml.com/html/petcare/images/shop/seller-3.jpg]
[demoxml.com/html/petcare/images/shop/shop-5.jpg]
[demoxml.com/html/petcare/images/shop/shop-6.jpg]
[demoxml.com/html/petcare/images/shop/shop-7.jpg]
[demoxml.com/html/petcare/images/shop/shop-8.jpg]
[demoxml.com/html/petcare/images/shop/shop-9.jpg]
[demoxml.com/html/petcare/images/shop/shop-10.jpg]
[demoxml.com/html/petcare/images/shop/shop-11.jpg]
[demoxml.com/html/petcare/images/shop/shop-12.jpg]
[demoxml.com/html/petcare/shop.html]
[demoxml.com/html/petcare/images/shop/pets-1.jpg]
[demoxml.com/html/petcare/images/shop/pets-2.jpg]
[demoxml.com/html/petcare/images/shop/pets-3.jpg]
[demoxml.com/html/petcare/images/shop/pets-4.jpg]
[demoxml.com/html/petcare/images/shop/pets-5.jpg]
[demoxml.com/html/petcare/images/shop/pets-6.jpg]
[demoxml.com/html/petcare/images/shop/pets-7.jpg]
[demoxml.com/html/petcare/images/shop/pets-8.jpg]
[demoxml.com/html/petcare/images/shop/pets-9.jpg]
[demoxml.com/html/petcare/images/shop/pets-10.jpg]
[demoxml.com/html/petcare/images/shop/pets-11.jpg]
[demoxml.com/html/petcare/images/shop/pets-12.jpg]
[demoxml.com/html/petcare/shop-pets.html]
[demoxml.com/html/petcare/images/shop/single-product.jpg]
[demoxml.com/html/petcare/images/icon/addto-1.png]
[demoxml.com/html/petcare/images/icon/addto-2.png]
[demoxml.com/html/petcare/images/icon/addto-3.png]
[demoxml.com/html/petcare/images/icon/addto-cart.png]
[demoxml.com/html/petcare/shop-details.html]
[demoxml.com/html/petcare/images/product/product-1.jpg]
[demoxml.com/html/petcare/images/product/product-2.jpg]
[demoxml.com/html/petcare/images/icon/visa-master-card.png]
[demoxml.com/html/petcare/checkout.html]
[demoxml.com/html/petcare/images/icon/product-remove.png]
[demoxml.com/html/petcare/shop-cart.html]
[demoxml.com/html/petcare/images/icon/error.jpg]
[demoxml.com/html/petcare/error.html]
[demoxml.com/html/petcare/images/blog/blog-1.jpg]
[demoxml.com/html/petcare/images/blog/blog-2.jpg]
[demoxml.com/html/petcare/images/blog/blog-3.jpg]
[demoxml.com/html/petcare/images/blog/blog-4.jpg]
[demoxml.com/html/petcare/images/blog/blog-5.jpg]
[demoxml.com/html/petcare/images/widget/recent/recent-1.jpg]
[demoxml.com/html/petcare/images/widget/recent/recent-2.jpg]
[demoxml.com/html/petcare/images/widget/recent/recent-3.jpg]
[demoxml.com/html/petcare/blog.html]
[demoxml.com/html/petcare/images/blog/blog-thumb-1.jpg]
[demoxml.com/html/petcare/images/icon/search.png]
[demoxml.com/html/petcare/images/blog/blog-thumb-2.jpg]
[demoxml.com/html/petcare/images/blog/blog-thumb-3.jpg]
[demoxml.com/html/petcare/images/blog/blog-thumb-4.jpg]
[demoxml.com/html/petcare/images/author/author.jpg]
[demoxml.com/html/petcare/images/comment/comment-1.jpg]
[demoxml.com/html/petcare/images/comment/comment-2.jpg]
[demoxml.com/html/petcare/images/comment/comment-3.jpg]
[demoxml.com/html/petcare/single-blog.html]
[demoxml.com/html/petcare/contact-us.html]
[demoxml.com/html/petcare/libraries/fonts/glyphicons-halflings-regular.svg]
[demoxml.com/html/petcare/libraries/fonts/fontawesome-webfont93e3.svg]
[demoxml.com/html/petcare/libraries/owl-carousel/owl.video.play.html]
[demoxml.com/html/petcare/libraries/price-filter/images/ui-bg_glass_100_fdf5ce_1x400.html]
[demoxml.com/html/petcare/libraries/price-filter/images/ui-bg_glass_65_ffffff_1x400.html]
[demoxml.com/html/petcare/libraries/price-filter/images/ui-bg_highlight-soft_75_ffe45c_1x100.html]
[demoxml.com/html/petcare/libraries/price-filter/images/ui-bg_diagonals-thick_18_b81900_40x40.html]
[demoxml.com/html/petcare/libraries/price-filter/images/ui-icons_222222_256x240.html]
[demoxml.com/html/petcare/libraries/price-filter/images/ui-icons_ffffff_256x240.html]
[demoxml.com/html/petcare/libraries/price-filter/images/ui-icons_ef8c08_256x240.html]
[demoxml.com/html/petcare/libraries/price-filter/images/ui-icons_228ef1_256x240.html]
[demoxml.com/html/petcare/libraries/price-filter/images/ui-icons_ffd27a_256x240.html]
[demoxml.com/html/petcare/libraries/price-filter/images/ui-bg_diagonals-thick_20_666666_40x40.html]
[demoxml.com/html/petcare/libraries/price-filter/images/ui-bg_flat_10_000000_40x100.html]
[demoxml.com/html/petcare/fonts/montserrat-light.svg]
[demoxml.com/html/petcare/fonts/montserrat-semibold.svg]
